---
source: tests/cli.rs
expression: "String::from_utf8(utdata).unwrap()"
---
Finn de billigste energidrikkene i Norge

Bruk: databrus [VALG] [SØK]...
      databrus <KOMMANDO> [VALG]

Kommandoer:
  sok         Søk etter energidrikker (det samme som uten kommando)
  tilbud      Vis aktuelle tilbud, sortert etter hvor gode de er
  historikk   Vis prishistorikk for et produkt
  oppdater    Hent priser fra alle kilder nå
  butikker    Vis kjeder, kilder og hvor ferske dataene er
  produkter   Vis produktkatalogen uten priser
  overvak     Prisvarsler
  planlegg    Planlagt daglig henting
  eksporter   Eksporter prishistorikk
  konfig      Vis eller endre konfigurasjonen
  fullforing  Skriv ut skallfullføring

Globale valg:
      --json
          Skriv ut et versjonert JSON-dokument

      --json-linjer
          Skriv ut NDJSON: én hodelinje, deretter én linje per rad

      --oppdater
          Hent ferske priser før svar (tidligst 15 min etter forrige henting)

      --frakoblet
          Bruk bare lokale data – aldri nettverket

      --streng
          Avslutt med kode 2 hvis en kilde feilet eller dataene er utdaterte

      --farge <NÅR>
          Farger i utdata
          
          [possible values: auto, alltid, aldri]

  -v, --detaljert...
          Mer diagnostikk på stderr (-v, -vv)

      --konfig <STI>
          Bruk en annen konfigurasjonsfil
          
          [env: DATABRUS_KONFIG]

  -h, --help
          Vis hjelp

  -V, --version
          Vis versjon

Filtre:
      --merke <MERKE>
          Merke, f.eks. monster, red-bull, nocco (kan gjentas)

      --smak <SMAK>
          Smak (kan gjentas)

      --storrelse <STR>
          Størrelse: 0,5 · 500ml · 0,33l (kan gjentas, ikke kommaliste)

      --butikk <KJEDE>
          Kjeder, f.eks. kiwi,rema – «coop» betyr alle Coop-kjedene

          Possible values:
          - rema
          - kiwi
          - meny
          - spar
          - joker
          - coop:       alle Coop-kjedene
          - coop-extra
          - coop-obs
          - coop-mega
          - coop-prix
          - bunnpris
          - oda

      --sukkerfri
          Bare sukkerfrie

      --med-sukker
          Bare med sukker

      --beholder <BEHOLDER>
          Beholdertype
          
          [possible values: boks, flaske]

      --maks-pris <KR>
          Høyeste effektive pris per beholder, i kr

      --maks-literpris <KR>
          Høyeste literpris, i kr

      --sorter <SORTER>
          Sortering

          Possible values:
          - literpris: Literpris uten pant
          - pris:      Effektiv pris per beholder
          - rabatt:    Prosent under 90-dagersmedianen
          - navn:      Produktnavn
          
          [default: literpris]

      --enkeltvis
          Ranger etter pris for én beholder og se bort fra flerkjøpstilbud

      --alle
          Vis alle rader, også utsolgte og svært gamle

  [SØK]...
          Fritekst, f.eks. «monster ultra»
